[out] /Users/sero/ai/autoresearch/test-output/30pct-isolation-runs-20260315-190456
[ts] 2026-03-15T19:04:56-0400
$ scp -q /Users/sero/ai/reap-expert-swap/scripts/vllm_multiplex_server.py ser@192.168.1.70:/home/ser/reap-expert-swap-reap/scripts/vllm_multiplex_server.py
$ scp -q /Users/sero/ai/reap-expert-swap/test-output/support-set-research-20260311-30pct/best-plan.json ser@192.168.1.70:/tmp/30pct-isolation-pair45-20260315-190456.plan.json
$ shasum -a 256 /Users/sero/ai/reap-expert-swap/test-output/support-set-research-20260311-30pct/best-plan.json
11e230e9bdf2090e709dd91b3191c06a77bceb68cf616985e84ddc2b83c97e1f  /Users/sero/ai/reap-expert-swap/test-output/support-set-research-20260311-30pct/best-plan.json
$ ssh -o BatchMode=yes ser@192.168.1.70 'sha256sum /tmp/30pct-isolation-pair45-20260315-190456.plan.json | awk '"'"'{print $1}'"'"''
11e230e9bdf2090e709dd91b3191c06a77bceb68cf616985e84ddc2b83c97e1f
Pseudo-terminal will not be allocated because stdin is not a terminal.
$ ssh -o BatchMode=yes ser@192.168.1.70 'for LPID in $(lsof -ti tcp:8365 -sTCP:LISTEN 2>/dev/null || true); do kill $LPID 2>/dev/null || true; sleep 1; kill -KILL $LPID 2>/dev/null || true; done'
Pseudo-terminal will not be allocated because stdin is not a terminal.
$ ssh -o BatchMode=yes ser@192.168.1.70 'set -euo pipefail; cd /home/ser/reap-expert-swap-reap; nohup env CUDA_VISIBLE_DEVICES=4,5 REAP_PLAN_FILE=/tmp/30pct-isolation-pair45-20260315-190456.plan.json /home/ser/reap-expert-swap-vllm016/.venv/bin/python scripts/vllm_multiplex_server.py --model /home/ser/models/Qwen_Qwen3.5-35B-A3B --host 127.0.0.1 --port 8365 --tensor-parallel-size 2 --max-model-len 3072 --max-num-seqs 1 --reasoning-parser qwen3 --cpu-offload-gb 28 --swap-space 32 --gpu-memory-utilization 0.90 --dtype half --enforce-eager --disable-custom-all-reduce --language-model-only --served-model-name qwen35-dynamic-30pct-pair45 --cpu-offload-params experts > /tmp/30pct-isolation-pair45-20260315-190456.log 2>&1 & echo $! > /tmp/30pct-isolation-pair45-20260315-190456.pid'
Pseudo-terminal will not be allocated because stdin is not a terminal.
$ ssh -o BatchMode=yes ser@192.168.1.70 'printf '"'"'remote_pid=%s\n'"'"' "$(cat /tmp/30pct-isolation-pair45-20260315-190456.pid)"; pgrep -af '"'"'8365|qwen35-dynamic-30pct-pair45|vllm_multiplex_server'"'"' || true'
remote_pid=1275768
1102301 bash -c cd '/home/ser/reap-expert-swap-reap' && nohup env REAP_PLAN_FILE='/tmp/30pct-isolation-8361.plan.json' CUDA_VISIBLE_DEVICES='0,1' '/home/ser/reap-expert-swap-vllm016/.venv/bin/python' scripts/vllm_multiplex_server.py --model /home/ser/models/Qwen_Qwen3.5-35B-A3B --host 127.0.0.1 --port 8361 --tensor-parallel-size 2 --max-model-len 3072 --max-num-seqs 1 --reasoning-parser qwen3 --cpu-offload-gb 28 --swap-space 32 --gpu-memory-utilization 0.90 --dtype half --enforce-eager --disable-custom-all-reduce --language-model-only --served-model-name qwen35-dynamic-30pct-pair01 --cpu-offload-params experts > '/tmp/30pct-isolation-8361.log' 2>&1 & echo $! > '/tmp/30pct-isolation-8361.pid'; echo launch_pid:$(cat '/tmp/30pct-isolation-8361.pid')
1102302 /home/ser/reap-expert-swap-vllm016/.venv/bin/python scripts/vllm_multiplex_server.py --model /home/ser/models/Qwen_Qwen3.5-35B-A3B --host 127.0.0.1 --port 8361 --tensor-parallel-size 2 --max-model-len 3072 --max-num-seqs 1 --reasoning-parser qwen3 --cpu-offload-gb 28 --swap-space 32 --gpu-memory-utilization 0.90 --dtype half --enforce-eager --disable-custom-all-reduce --language-model-only --served-model-name qwen35-dynamic-30pct-pair01 --cpu-offload-params experts
1275768 /home/ser/reap-expert-swap-vllm016/.venv/bin/python scripts/vllm_multiplex_server.py --model /home/ser/models/Qwen_Qwen3.5-35B-A3B --host 127.0.0.1 --port 8365 --tensor-parallel-size 2 --max-model-len 3072 --max-num-seqs 1 --reasoning-parser qwen3 --cpu-offload-gb 28 --swap-space 32 --gpu-memory-utilization 0.90 --dtype half --enforce-eager --disable-custom-all-reduce --language-model-only --served-model-name qwen35-dynamic-30pct-pair45 --cpu-offload-params experts
1275772 bash -c printf 'remote_pid=%s\n' "$(cat /tmp/30pct-isolation-pair45-20260315-190456.pid)"; pgrep -af '8365|qwen35-dynamic-30pct-pair45|vllm_multiplex_server' || true
Pseudo-terminal will not be allocated because stdin is not a terminal.
$ ssh -o BatchMode=yes ser@192.168.1.70 'tail -n 40 /tmp/30pct-isolation-pair45-20260315-190456.log'
Installed REAP worker extensions on: vllm.v1.worker.gpu_worker.Worker, vllm.v1.worker.cpu_worker.CPUWorker, vllm.v1.worker.xpu_worker.XPUWorker
(APIServer pid=1275768) INFO 03-16 00:05:05 [utils.py:302] 
(APIServer pid=1275768) INFO 03-16 00:05:05 [utils.py:302]        █     █     █▄   ▄█
(APIServer pid=1275768) INFO 03-16 00:05:05 [utils.py:302]  ▄▄ ▄█ █     █     █ ▀▄▀ █  version 0.17.0
(APIServer pid=1275768) INFO 03-16 00:05:05 [utils.py:302]   █▄█▀ █     █     █     █  model   /home/ser/models/Qwen_Qwen3.5-35B-A3B
(APIServer pid=1275768) INFO 03-16 00:05:05 [utils.py:302]    ▀▀  ▀▀▀▀▀ ▀▀▀▀▀ ▀     ▀
(APIServer pid=1275768) INFO 03-16 00:05:05 [utils.py:302] 
(APIServer pid=1275768) INFO 03-16 00:05:05 [utils.py:238] non-default args: {'host': '127.0.0.1', 'port': 8365, 'model': '/home/ser/models/Qwen_Qwen3.5-35B-A3B', 'dtype': 'half', 'max_model_len': 3072, 'enforce_eager': True, 'served_model_name': ['qwen35-dynamic-30pct-pair45'], 'reasoning_parser': 'qwen3', 'tensor_parallel_size': 2, 'disable_custom_all_reduce': True, 'swap_space': 32.0, 'cpu_offload_gb': 28.0, 'cpu_offload_params': ['experts'], 'language_model_only': True, 'max_num_seqs': 1}
(APIServer pid=1275768) INFO 03-16 00:05:05 [model.py:531] Resolved architecture: Qwen3_5MoeForConditionalGeneration
(APIServer pid=1275768) WARNING 03-16 00:05:05 [model.py:1892] Casting torch.bfloat16 to torch.float16.
(APIServer pid=1275768) INFO 03-16 00:05:05 [model.py:1554] Using max model len 3072
(APIServer pid=1275768) INFO 03-16 00:05:05 [scheduler.py:231] Chunked prefill is enabled with max_num_batched_tokens=2048.
(APIServer pid=1275768) INFO 03-16 00:05:06 [config.py:544] Setting attention block size to 1056 tokens to ensure that attention page size is >= mamba page size.
(APIServer pid=1275768) INFO 03-16 00:05:06 [config.py:575] Padding mamba page size by 0.76% to ensure that mamba page size and attention page size are exactly equal.
(APIServer pid=1275768) INFO 03-16 00:05:06 [vllm.py:747] Asynchronous scheduling is enabled.
(APIServer pid=1275768) WARNING 03-16 00:05:06 [vllm.py:781] Enforce eager set, disabling torch.compile and CUDAGraphs. This is equivalent to setting -cc.mode=none -cc.cudagraph_mode=none
(APIServer pid=1275768) WARNING 03-16 00:05:06 [vllm.py:792] Inductor compilation was disabled by user settings, optimizations settings that are only active during inductor compilation will be ignored.
(APIServer pid=1275768) INFO 03-16 00:05:06 [vllm.py:957] Cudagraph is disabled under eager mode
(APIServer pid=1275768) INFO 03-16 00:05:07 [registry.py:126] All limits of multimodal modalities supported by the model are set to 0, running in text-only mode.
Installed REAP worker extensions on: vllm.v1.worker.gpu_worker.Worker, vllm.v1.worker.cpu_worker.CPUWorker, vllm.v1.worker.xpu_worker.XPUWorker
(EngineCore_DP0 pid=1285195) INFO 03-16 00:05:14 [core.py:101] Initializing a V1 LLM engine (v0.17.0) with config: model='/home/ser/models/Qwen_Qwen3.5-35B-A3B', speculative_config=None, tokenizer='/home/ser/models/Qwen_Qwen3.5-35B-A3B', skip_tokenizer_init=False, tokenizer_mode=auto, revision=None, tokenizer_revision=None, trust_remote_code=False, dtype=torch.float16, max_seq_len=3072, download_dir=None, load_format=auto, tensor_parallel_size=2, pipeline_parallel_size=1, data_parallel_size=1, disable_custom_all_reduce=True, quantization=None, enforce_eager=True, enable_return_routed_experts=False, kv_cache_dtype=auto, device_config=cuda, structured_outputs_config=StructuredOutputsConfig(backend='auto', disable_fallback=False, disable_any_whitespace=False, disable_additional_properties=False, reasoning_parser='qwen3', reasoning_parser_plugin='', enable_in_reasoning=False), observability_config=ObservabilityConfig(show_hidden_metrics_for_version=None, otlp_traces_endpoint=None, collect_detailed_traces=None, kv_cache_metrics=False, kv_cache_metrics_sample=0.01, cudagraph_metrics=False, enable_layerwise_nvtx_tracing=False, enable_mfu_metrics=False, enable_mm_processor_stats=False, enable_logging_iteration_details=False), seed=0, served_model_name=qwen35-dynamic-30pct-pair45, enable_prefix_caching=False, enable_chunked_prefill=True, pooler_config=None, compilation_config={'level': None, 'mode': <CompilationMode.NONE: 0>, 'debug_dump_path': None, 'cache_dir': '', 'compile_cache_save_format': 'binary', 'backend': 'inductor', 'custom_ops': ['all'], 'splitting_ops': [], 'compile_mm_encoder': False, 'compile_sizes': [], 'compile_ranges_split_points': [2048], 'inductor_compile_config': {'enable_auto_functionalized_v2': False, 'combo_kernels': True, 'benchmark_combo_kernel': True}, 'inductor_passes': {}, 'cudagraph_mode': <CUDAGraphMode.NONE: 0>, 'cudagraph_num_of_warmups': 0, 'cudagraph_capture_sizes': [], 'cudagraph_copy_inputs': False, 'cudagraph_specialize_lora': True, 'use_inductor_graph_partition': False, 'pass_config': {'fuse_norm_quant': True, 'fuse_act_quant': True, 'fuse_attn_quant': False, 'enable_sp': False, 'fuse_gemm_comms': False, 'fuse_allreduce_rms': False}, 'max_cudagraph_capture_size': 0, 'dynamic_shapes_config': {'type': <DynamicShapesType.BACKED: 'backed'>, 'evaluate_guards': False, 'assume_32_bit_indexing': False}, 'local_cache_dir': None, 'fast_moe_cold_start': True, 'static_all_moe_layers': []}
(EngineCore_DP0 pid=1285195) WARNING 03-16 00:05:14 [multiproc_executor.py:945] Reducing Torch parallelism from 24 threads to 1 to avoid unnecessary CPU contention. Set OMP_NUM_THREADS in the external environment to tune this value as needed.
(EngineCore_DP0 pid=1285195) INFO 03-16 00:05:14 [multiproc_executor.py:134] DP group leader: node_rank=0, node_rank_within_dp=0, master_addr=127.0.0.1, mq_connect_ip=192.168.1.70 (local), world_size=2, local_world_size=2
Pseudo-terminal will not be allocated because stdin is not a terminal.
[wait] readiness attempt 10/180
$ ssh -o BatchMode=yes ser@192.168.1.70 'tail -n 40 /tmp/30pct-isolation-pair45-20260315-190456.log'
(APIServer pid=1275768) INFO 03-16 00:05:05 [model.py:531] Resolved architecture: Qwen3_5MoeForConditionalGeneration
(APIServer pid=1275768) WARNING 03-16 00:05:05 [model.py:1892] Casting torch.bfloat16 to torch.float16.
(APIServer pid=1275768) INFO 03-16 00:05:05 [model.py:1554] Using max model len 3072
(APIServer pid=1275768) INFO 03-16 00:05:05 [scheduler.py:231] Chunked prefill is enabled with max_num_batched_tokens=2048.
(APIServer pid=1275768) INFO 03-16 00:05:06 [config.py:544] Setting attention block size to 1056 tokens to ensure that attention page size is >= mamba page size.
(APIServer pid=1275768) INFO 03-16 00:05:06 [config.py:575] Padding mamba page size by 0.76% to ensure that mamba page size and attention page size are exactly equal.
(APIServer pid=1275768) INFO 03-16 00:05:06 [vllm.py:747] Asynchronous scheduling is enabled.
(APIServer pid=1275768) WARNING 03-16 00:05:06 [vllm.py:781] Enforce eager set, disabling torch.compile and CUDAGraphs. This is equivalent to setting -cc.mode=none -cc.cudagraph_mode=none
(APIServer pid=1275768) WARNING 03-16 00:05:06 [vllm.py:792] Inductor compilation was disabled by user settings, optimizations settings that are only active during inductor compilation will be ignored.
(APIServer pid=1275768) INFO 03-16 00:05:06 [vllm.py:957] Cudagraph is disabled under eager mode
(APIServer pid=1275768) INFO 03-16 00:05:07 [registry.py:126] All limits of multimodal modalities supported by the model are set to 0, running in text-only mode.
Installed REAP worker extensions on: vllm.v1.worker.gpu_worker.Worker, vllm.v1.worker.cpu_worker.CPUWorker, vllm.v1.worker.xpu_worker.XPUWorker
(EngineCore_DP0 pid=1285195) INFO 03-16 00:05:14 [core.py:101] Initializing a V1 LLM engine (v0.17.0) with config: model='/home/ser/models/Qwen_Qwen3.5-35B-A3B', speculative_config=None, tokenizer='/home/ser/models/Qwen_Qwen3.5-35B-A3B', skip_tokenizer_init=False, tokenizer_mode=auto, revision=None, tokenizer_revision=None, trust_remote_code=False, dtype=torch.float16, max_seq_len=3072, download_dir=None, load_format=auto, tensor_parallel_size=2, pipeline_parallel_size=1, data_parallel_size=1, disable_custom_all_reduce=True, quantization=None, enforce_eager=True, enable_return_routed_experts=False, kv_cache_dtype=auto, device_config=cuda, structured_outputs_config=StructuredOutputsConfig(backend='auto', disable_fallback=False, disable_any_whitespace=False, disable_additional_properties=False, reasoning_parser='qwen3', reasoning_parser_plugin='', enable_in_reasoning=False), observability_config=ObservabilityConfig(show_hidden_metrics_for_version=None, otlp_traces_endpoint=None, collect_detailed_traces=None, kv_cache_metrics=False, kv_cache_metrics_sample=0.01, cudagraph_metrics=False, enable_layerwise_nvtx_tracing=False, enable_mfu_metrics=False, enable_mm_processor_stats=False, enable_logging_iteration_details=False), seed=0, served_model_name=qwen35-dynamic-30pct-pair45, enable_prefix_caching=False, enable_chunked_prefill=True, pooler_config=None, compilation_config={'level': None, 'mode': <CompilationMode.NONE: 0>, 'debug_dump_path': None, 'cache_dir': '', 'compile_cache_save_format': 'binary', 'backend': 'inductor', 'custom_ops': ['all'], 'splitting_ops': [], 'compile_mm_encoder': False, 'compile_sizes': [], 'compile_ranges_split_points': [2048], 'inductor_compile_config': {'enable_auto_functionalized_v2': False, 'combo_kernels': True, 'benchmark_combo_kernel': True}, 'inductor_passes': {}, 'cudagraph_mode': <CUDAGraphMode.NONE: 0>, 'cudagraph_num_of_warmups': 0, 'cudagraph_capture_sizes': [], 'cudagraph_copy_inputs': False, 'cudagraph_specialize_lora': True, 'use_inductor_graph_partition': False, 'pass_config': {'fuse_norm_quant': True, 'fuse_act_quant': True, 'fuse_attn_quant': False, 'enable_sp': False, 'fuse_gemm_comms': False, 'fuse_allreduce_rms': False}, 'max_cudagraph_capture_size': 0, 'dynamic_shapes_config': {'type': <DynamicShapesType.BACKED: 'backed'>, 'evaluate_guards': False, 'assume_32_bit_indexing': False}, 'local_cache_dir': None, 'fast_moe_cold_start': True, 'static_all_moe_layers': []}
(EngineCore_DP0 pid=1285195) WARNING 03-16 00:05:14 [multiproc_executor.py:945] Reducing Torch parallelism from 24 threads to 1 to avoid unnecessary CPU contention. Set OMP_NUM_THREADS in the external environment to tune this value as needed.
(EngineCore_DP0 pid=1285195) INFO 03-16 00:05:14 [multiproc_executor.py:134] DP group leader: node_rank=0, node_rank_within_dp=0, master_addr=127.0.0.1, mq_connect_ip=192.168.1.70 (local), world_size=2, local_world_size=2
Installed REAP worker extensions on: vllm.v1.worker.gpu_worker.Worker, vllm.v1.worker.cpu_worker.CPUWorker, vllm.v1.worker.xpu_worker.XPUWorker
INFO 03-16 00:05:22 [registry.py:126] All limits of multimodal modalities supported by the model are set to 0, running in text-only mode.
Installed REAP worker extensions on: vllm.v1.worker.gpu_worker.Worker, vllm.v1.worker.cpu_worker.CPUWorker, vllm.v1.worker.xpu_worker.XPUWorker
INFO 03-16 00:05:23 [registry.py:126] All limits of multimodal modalities supported by the model are set to 0, running in text-only mode.
(Worker pid=1291799) INFO 03-16 00:05:23 [parallel_state.py:1393] world_size=2 rank=1 local_rank=1 distributed_init_method=tcp://127.0.0.1:35339 backend=nccl
(Worker pid=1291797) INFO 03-16 00:05:23 [parallel_state.py:1393] world_size=2 rank=0 local_rank=0 distributed_init_method=tcp://127.0.0.1:35339 backend=nccl
(Worker pid=1291799) <frozen importlib._bootstrap_external>:1241: FutureWarning: The cuda.cudart module is deprecated and will be removed in a future release, please switch to use the cuda.bindings.runtime module instead.
(Worker pid=1291799) <frozen importlib._bootstrap_external>:1241: FutureWarning: The cuda.nvrtc module is deprecated and will be removed in a future release, please switch to use the cuda.bindings.nvrtc module instead.
(Worker pid=1291797) <frozen importlib._bootstrap_external>:1241: FutureWarning: The cuda.cudart module is deprecated and will be removed in a future release, please switch to use the cuda.bindings.runtime module instead.
(Worker pid=1291797) <frozen importlib._bootstrap_external>:1241: FutureWarning: The cuda.nvrtc module is deprecated and will be removed in a future release, please switch to use the cuda.bindings.nvrtc module instead.
(Worker pid=1291797) INFO 03-16 00:05:24 [pynccl.py:111] vLLM is using nccl==2.27.5
(Worker pid=1291797) WARNING 03-16 00:05:24 [symm_mem.py:67] SymmMemCommunicator: Device capability 8.6 not supported, communicator is not available.
(Worker pid=1291799) WARNING 03-16 00:05:24 [symm_mem.py:67] SymmMemCommunicator: Device capability 8.6 not supported, communicator is not available.
(Worker pid=1291799) INFO 03-16 00:05:24 [parallel_state.py:1715] rank 1 in world size 2 is assigned as DP rank 0, PP rank 0, PCP rank 0, TP rank 1, EP rank 1, EPLB rank N/A
(Worker pid=1291797) INFO 03-16 00:05:24 [parallel_state.py:1715] rank 0 in world size 2 is assigned as DP rank 0, PP rank 0, PCP rank 0, TP rank 0, EP rank 0, EPLB rank N/A
(Worker pid=1291797) INFO 03-16 00:05:24 [base.py:106] Offloader set to UVAOffloader
(Worker pid=1291797) (Worker_TP0 pid=1291797) INFO 03-16 00:05:24 [gpu_model_runner.py:4255] Starting to load model /home/ser/models/Qwen_Qwen3.5-35B-A3B...
(Worker pid=1291799) INFO 03-16 00:05:24 [base.py:106] Offloader set to UVAOffloader
(Worker pid=1291797) (Worker_TP0 pid=1291797) INFO 03-16 00:05:25 [cuda.py:453] Using backend AttentionBackendEnum.FLASH_ATTN for vit attention
(Worker pid=1291797) (Worker_TP0 pid=1291797) INFO 03-16 00:05:25 [mm_encoder_attention.py:215] Using AttentionBackendEnum.FLASH_ATTN for MMEncoderAttention.
(Worker pid=1291799) (Worker_TP1 pid=1291799) INFO 03-16 00:05:25 [cuda.py:453] Using backend AttentionBackendEnum.FLASH_ATTN for vit attention
(Worker pid=1291799) (Worker_TP1 pid=1291799) INFO 03-16 00:05:25 [mm_encoder_attention.py:215] Using AttentionBackendEnum.FLASH_ATTN for MMEncoderAttention.
(Worker pid=1291797) (Worker_TP0 pid=1291797) INFO 03-16 00:05:25 [unquantized.py:186] Using TRITON backend for Unquantized MoE
(Worker pid=1291797) (Worker_TP0 pid=1291797) INFO 03-16 00:05:28 [cuda.py:405] Using FLASH_ATTN attention backend out of potential backends: ['FLASH_ATTN', 'FLASHINFER', 'TRITON_ATTN', 'FLEX_ATTENTION'].
(Worker pid=1291797) (Worker_TP0 pid=1291797) INFO 03-16 00:05:28 [flash_attn.py:587] Using FlashAttention version 2
Pseudo-terminal will not be allocated because stdin is not a terminal.
[wait] readiness attempt 20/180
$ ssh -o BatchMode=yes ser@192.168.1.70 'tail -n 40 /tmp/30pct-isolation-pair45-20260315-190456.log'
(APIServer pid=1275768) INFO 03-16 00:05:05 [scheduler.py:231] Chunked prefill is enabled with max_num_batched_tokens=2048.
(APIServer pid=1275768) INFO 03-16 00:05:06 [config.py:544] Setting attention block size to 1056 tokens to ensure that attention page size is >= mamba page size.
(APIServer pid=1275768) INFO 03-16 00:05:06 [config.py:575] Padding mamba page size by 0.76% to ensure that mamba page size and attention page size are exactly equal.
(APIServer pid=1275768) INFO 03-16 00:05:06 [vllm.py:747] Asynchronous scheduling is enabled.
(APIServer pid=1275768) WARNING 03-16 00:05:06 [vllm.py:781] Enforce eager set, disabling torch.compile and CUDAGraphs. This is equivalent to setting -cc.mode=none -cc.cudagraph_mode=none
(APIServer pid=1275768) WARNING 03-16 00:05:06 [vllm.py:792] Inductor compilation was disabled by user settings, optimizations settings that are only active during inductor compilation will be ignored.
(APIServer pid=1275768) INFO 03-16 00:05:06 [vllm.py:957] Cudagraph is disabled under eager mode
(APIServer pid=1275768) INFO 03-16 00:05:07 [registry.py:126] All limits of multimodal modalities supported by the model are set to 0, running in text-only mode.
Installed REAP worker extensions on: vllm.v1.worker.gpu_worker.Worker, vllm.v1.worker.cpu_worker.CPUWorker, vllm.v1.worker.xpu_worker.XPUWorker
(EngineCore_DP0 pid=1285195) INFO 03-16 00:05:14 [core.py:101] Initializing a V1 LLM engine (v0.17.0) with config: model='/home/ser/models/Qwen_Qwen3.5-35B-A3B', speculative_config=None, tokenizer='/home/ser/models/Qwen_Qwen3.5-35B-A3B', skip_tokenizer_init=False, tokenizer_mode=auto, revision=None, tokenizer_revision=None, trust_remote_code=False, dtype=torch.float16, max_seq_len=3072, download_dir=None, load_format=auto, tensor_parallel_size=2, pipeline_parallel_size=1, data_parallel_size=1, disable_custom_all_reduce=True, quantization=None, enforce_eager=True, enable_return_routed_experts=False, kv_cache_dtype=auto, device_config=cuda, structured_outputs_config=StructuredOutputsConfig(backend='auto', disable_fallback=False, disable_any_whitespace=False, disable_additional_properties=False, reasoning_parser='qwen3', reasoning_parser_plugin='', enable_in_reasoning=False), observability_config=ObservabilityConfig(show_hidden_metrics_for_version=None, otlp_traces_endpoint=None, collect_detailed_traces=None, kv_cache_metrics=False, kv_cache_metrics_sample=0.01, cudagraph_metrics=False, enable_layerwise_nvtx_tracing=False, enable_mfu_metrics=False, enable_mm_processor_stats=False, enable_logging_iteration_details=False), seed=0, served_model_name=qwen35-dynamic-30pct-pair45, enable_prefix_caching=False, enable_chunked_prefill=True, pooler_config=None, compilation_config={'level': None, 'mode': <CompilationMode.NONE: 0>, 'debug_dump_path': None, 'cache_dir': '', 'compile_cache_save_format': 'binary', 'backend': 'inductor', 'custom_ops': ['all'], 'splitting_ops': [], 'compile_mm_encoder': False, 'compile_sizes': [], 'compile_ranges_split_points': [2048], 'inductor_compile_config': {'enable_auto_functionalized_v2': False, 'combo_kernels': True, 'benchmark_combo_kernel': True}, 'inductor_passes': {}, 'cudagraph_mode': <CUDAGraphMode.NONE: 0>, 'cudagraph_num_of_warmups': 0, 'cudagraph_capture_sizes': [], 'cudagraph_copy_inputs': False, 'cudagraph_specialize_lora': True, 'use_inductor_graph_partition': False, 'pass_config': {'fuse_norm_quant': True, 'fuse_act_quant': True, 'fuse_attn_quant': False, 'enable_sp': False, 'fuse_gemm_comms': False, 'fuse_allreduce_rms': False}, 'max_cudagraph_capture_size': 0, 'dynamic_shapes_config': {'type': <DynamicShapesType.BACKED: 'backed'>, 'evaluate_guards': False, 'assume_32_bit_indexing': False}, 'local_cache_dir': None, 'fast_moe_cold_start': True, 'static_all_moe_layers': []}
(EngineCore_DP0 pid=1285195) WARNING 03-16 00:05:14 [multiproc_executor.py:945] Reducing Torch parallelism from 24 threads to 1 to avoid unnecessary CPU contention. Set OMP_NUM_THREADS in the external environment to tune this value as needed.
(EngineCore_DP0 pid=1285195) INFO 03-16 00:05:14 [multiproc_executor.py:134] DP group leader: node_rank=0, node_rank_within_dp=0, master_addr=127.0.0.1, mq_connect_ip=192.168.1.70 (local), world_size=2, local_world_size=2
Installed REAP worker extensions on: vllm.v1.worker.gpu_worker.Worker, vllm.v1.worker.cpu_worker.CPUWorker, vllm.v1.worker.xpu_worker.XPUWorker
INFO 03-16 00:05:22 [registry.py:126] All limits of multimodal modalities supported by the model are set to 0, running in text-only mode.
Installed REAP worker extensions on: vllm.v1.worker.gpu_worker.Worker, vllm.v1.worker.cpu_worker.CPUWorker, vllm.v1.worker.xpu_worker.XPUWorker
INFO 03-16 00:05:23 [registry.py:126] All limits of multimodal modalities supported by the model are set to 0, running in text-only mode.
(Worker pid=1291799) INFO 03-16 00:05:23 [parallel_state.py:1393] world_size=2 rank=1 local_rank=1 distributed_init_method=tcp://127.0.0.1:35339 backend=nccl
(Worker pid=1291797) INFO 03-16 00:05:23 [parallel_state.py:1393] world_size=2 rank=0 local_rank=0 distributed_init_method=tcp://127.0.0.1:35339 backend=nccl
(Worker pid=1291799) <frozen importlib._bootstrap_external>:1241: FutureWarning: The cuda.cudart module is deprecated and will be removed in a future release, please switch to use the cuda.bindings.runtime module instead.
(Worker pid=1291799) <frozen importlib._bootstrap_external>:1241: FutureWarning: The cuda.nvrtc module is deprecated and will be removed in a future release, please switch to use the cuda.bindings.nvrtc module instead.
(Worker pid=1291797) <frozen importlib._bootstrap_external>:1241: FutureWarning: The cuda.cudart module is deprecated and will be removed in a future release, please switch to use the cuda.bindings.runtime module instead.
(Worker pid=1291797) <frozen importlib._bootstrap_external>:1241: FutureWarning: The cuda.nvrtc module is deprecated and will be removed in a future release, please switch to use the cuda.bindings.nvrtc module instead.
(Worker pid=1291797) INFO 03-16 00:05:24 [pynccl.py:111] vLLM is using nccl==2.27.5
(Worker pid=1291797) WARNING 03-16 00:05:24 [symm_mem.py:67] SymmMemCommunicator: Device capability 8.6 not supported, communicator is not available.
(Worker pid=1291799) WARNING 03-16 00:05:24 [symm_mem.py:67] SymmMemCommunicator: Device capability 8.6 not supported, communicator is not available.
(Worker pid=1291799) INFO 03-16 00:05:24 [parallel_state.py:1715] rank 1 in world size 2 is assigned as DP rank 0, PP rank 0, PCP rank 0, TP rank 1, EP rank 1, EPLB rank N/A
(Worker pid=1291797) INFO 03-16 00:05:24 [parallel_state.py:1715] rank 0 in world size 2 is assigned as DP rank 0, PP rank 0, PCP rank 0, TP rank 0, EP rank 0, EPLB rank N/A
(Worker pid=1291797) INFO 03-16 00:05:24 [base.py:106] Offloader set to UVAOffloader
(Worker pid=1291797) (Worker_TP0 pid=1291797) INFO 03-16 00:05:24 [gpu_model_runner.py:4255] Starting to load model /home/ser/models/Qwen_Qwen3.5-35B-A3B...
(Worker pid=1291799) INFO 03-16 00:05:24 [base.py:106] Offloader set to UVAOffloader
(Worker pid=1291797) (Worker_TP0 pid=1291797) INFO 03-16 00:05:25 [cuda.py:453] Using backend AttentionBackendEnum.FLASH_ATTN for vit attention
(Worker pid=1291797) (Worker_TP0 pid=1291797) INFO 03-16 00:05:25 [mm_encoder_attention.py:215] Using AttentionBackendEnum.FLASH_ATTN for MMEncoderAttention.
(Worker pid=1291799) (Worker_TP1 pid=1291799) INFO 03-16 00:05:25 [cuda.py:453] Using backend AttentionBackendEnum.FLASH_ATTN for vit attention
(Worker pid=1291799) (Worker_TP1 pid=1291799) INFO 03-16 00:05:25 [mm_encoder_attention.py:215] Using AttentionBackendEnum.FLASH_ATTN for MMEncoderAttention.
(Worker pid=1291797) (Worker_TP0 pid=1291797) INFO 03-16 00:05:25 [unquantized.py:186] Using TRITON backend for Unquantized MoE
(Worker pid=1291797) (Worker_TP0 pid=1291797) INFO 03-16 00:05:28 [cuda.py:405] Using FLASH_ATTN attention backend out of potential backends: ['FLASH_ATTN', 'FLASHINFER', 'TRITON_ATTN', 'FLEX_ATTENTION'].
(Worker pid=1291797) (Worker_TP0 pid=1291797) INFO 03-16 00:05:28 [flash_attn.py:587] Using FlashAttention version 2
(Worker pid=1291799) (Worker_TP1 pid=1291799) INFO 03-16 00:06:04 [uva.py:61] Total CPU offloaded parameters: 28.25
(Worker pid=1291797) (Worker_TP0 pid=1291797) INFO 03-16 00:06:04 [uva.py:61] Total CPU offloaded parameters: 28.25
(Worker pid=1291797) (Worker_TP0 pid=1291797) 
Loading safetensors checkpoint shards:   0% Completed | 0/14 [00:00<?, ?it/s]
Pseudo-terminal will not be allocated because stdin is not a terminal.
[wait] readiness attempt 30/180
$ ssh -o BatchMode=yes ser@192.168.1.70 'tail -n 40 /tmp/30pct-isolation-pair45-20260315-190456.log'
(Worker pid=1291797) INFO 03-16 00:05:23 [parallel_state.py:1393] world_size=2 rank=0 local_rank=0 distributed_init_method=tcp://127.0.0.1:35339 backend=nccl
(Worker pid=1291799) <frozen importlib._bootstrap_external>:1241: FutureWarning: The cuda.cudart module is deprecated and will be removed in a future release, please switch to use the cuda.bindings.runtime module instead.
(Worker pid=1291799) <frozen importlib._bootstrap_external>:1241: FutureWarning: The cuda.nvrtc module is deprecated and will be removed in a future release, please switch to use the cuda.bindings.nvrtc module instead.
(Worker pid=1291797) <frozen importlib._bootstrap_external>:1241: FutureWarning: The cuda.cudart module is deprecated and will be removed in a future release, please switch to use the cuda.bindings.runtime module instead.
(Worker pid=1291797) <frozen importlib._bootstrap_external>:1241: FutureWarning: The cuda.nvrtc module is deprecated and will be removed in a future release, please switch to use the cuda.bindings.nvrtc module instead.
(Worker pid=1291797) INFO 03-16 00:05:24 [pynccl.py:111] vLLM is using nccl==2.27.5
(Worker pid=1291797) WARNING 03-16 00:05:24 [symm_mem.py:67] SymmMemCommunicator: Device capability 8.6 not supported, communicator is not available.
(Worker pid=1291799) WARNING 03-16 00:05:24 [symm_mem.py:67] SymmMemCommunicator: Device capability 8.6 not supported, communicator is not available.
(Worker pid=1291799) INFO 03-16 00:05:24 [parallel_state.py:1715] rank 1 in world size 2 is assigned as DP rank 0, PP rank 0, PCP rank 0, TP rank 1, EP rank 1, EPLB rank N/A
(Worker pid=1291797) INFO 03-16 00:05:24 [parallel_state.py:1715] rank 0 in world size 2 is assigned as DP rank 0, PP rank 0, PCP rank 0, TP rank 0, EP rank 0, EPLB rank N/A
(Worker pid=1291797) INFO 03-16 00:05:24 [base.py:106] Offloader set to UVAOffloader
(Worker pid=1291797) (Worker_TP0 pid=1291797) INFO 03-16 00:05:24 [gpu_model_runner.py:4255] Starting to load model /home/ser/models/Qwen_Qwen3.5-35B-A3B...
(Worker pid=1291799) INFO 03-16 00:05:24 [base.py:106] Offloader set to UVAOffloader
(Worker pid=1291797) (Worker_TP0 pid=1291797) INFO 03-16 00:05:25 [cuda.py:453] Using backend AttentionBackendEnum.FLASH_ATTN for vit attention
(Worker pid=1291797) (Worker_TP0 pid=1291797) INFO 03-16 00:05:25 [mm_encoder_attention.py:215] Using AttentionBackendEnum.FLASH_ATTN for MMEncoderAttention.
(Worker pid=1291799) (Worker_TP1 pid=1291799) INFO 03-16 00:05:25 [cuda.py:453] Using backend AttentionBackendEnum.FLASH_ATTN for vit attention
(Worker pid=1291799) (Worker_TP1 pid=1291799) INFO 03-16 00:05:25 [mm_encoder_attention.py:215] Using AttentionBackendEnum.FLASH_ATTN for MMEncoderAttention.
(Worker pid=1291797) (Worker_TP0 pid=1291797) INFO 03-16 00:05:25 [unquantized.py:186] Using TRITON backend for Unquantized MoE
(Worker pid=1291797) (Worker_TP0 pid=1291797) INFO 03-16 00:05:28 [cuda.py:405] Using FLASH_ATTN attention backend out of potential backends: ['FLASH_ATTN', 'FLASHINFER', 'TRITON_ATTN', 'FLEX_ATTENTION'].
(Worker pid=1291797) (Worker_TP0 pid=1291797) INFO 03-16 00:05:28 [flash_attn.py:587] Using FlashAttention version 2
(Worker pid=1291799) (Worker_TP1 pid=1291799) INFO 03-16 00:06:04 [uva.py:61] Total CPU offloaded parameters: 28.25
(Worker pid=1291797) (Worker_TP0 pid=1291797) INFO 03-16 00:06:04 [uva.py:61] Total CPU offloaded parameters: 28.25
(Worker pid=1291797) (Worker_TP0 pid=1291797) 
Loading safetensors checkpoint shards:   0% Completed | 0/14 [00:00<?, ?it/s]
(Worker pid=1291797) (Worker_TP0 pid=1291797) 
Loading safetensors checkpoint shards:   7% Completed | 1/14 [00:01<00:15,  1.23s/it]
(Worker pid=1291797) (Worker_TP0 pid=1291797) 
Loading safetensors checkpoint shards:  14% Completed | 2/14 [00:02<00:15,  1.28s/it]
(Worker pid=1291797) (Worker_TP0 pid=1291797) 
Loading safetensors checkpoint shards:  21% Completed | 3/14 [00:03<00:14,  1.30s/it]
(Worker pid=1291797) (Worker_TP0 pid=1291797) 
Loading safetensors checkpoint shards:  29% Completed | 4/14 [00:05<00:13,  1.34s/it]
(Worker pid=1291797) (Worker_TP0 pid=1291797) 
Loading safetensors checkpoint shards:  36% Completed | 5/14 [00:06<00:11,  1.33s/it]
(Worker pid=1291797) (Worker_TP0 pid=1291797) 
Loading safetensors checkpoint shards:  43% Completed | 6/14 [00:07<00:10,  1.30s/it]
(Worker pid=1291797) (Worker_TP0 pid=1291797) 
Loading safetensors checkpoint shards:  50% Completed | 7/14 [00:09<00:08,  1.28s/it]
(Worker pid=1291797) (Worker_TP0 pid=1291797) 
Loading safetensors checkpoint shards:  57% Completed | 8/14 [00:10<00:07,  1.27s/it]
(Worker pid=1291797) (Worker_TP0 pid=1291797) 
Loading safetensors checkpoint shards:  64% Completed | 9/14 [00:12<00:07,  1.47s/it]
(Worker pid=1291797) (Worker_TP0 pid=1291797) 
Loading safetensors checkpoint shards:  71% Completed | 10/14 [00:13<00:06,  1.50s/it]
(Worker pid=1291797) (Worker_TP0 pid=1291797) 
Loading safetensors checkpoint shards:  79% Completed | 11/14 [00:15<00:04,  1.55s/it]
(Worker pid=1291797) (Worker_TP0 pid=1291797) 
Loading safetensors checkpoint shards:  86% Completed | 12/14 [00:17<00:03,  1.57s/it]
(Worker pid=1291797) (Worker_TP0 pid=1291797) 
Loading safetensors checkpoint shards:  93% Completed | 13/14 [00:18<00:01,  1.50s/it]
(Worker pid=1291797) (Worker_TP0 pid=1291797) 
Loading safetensors checkpoint shards: 100% Completed | 14/14 [00:18<00:00,  1.14s/it]
(Worker pid=1291797) (Worker_TP0 pid=1291797) 
Loading safetensors checkpoint shards: 100% Completed | 14/14 [00:18<00:00,  1.34s/it]
(Worker pid=1291797) (Worker_TP0 pid=1291797) 
(Worker pid=1291797) (Worker_TP0 pid=1291797) INFO 03-16 00:06:23 [default_loader.py:293] Loading weights took 18.71 seconds
Pseudo-terminal will not be allocated because stdin is not a terminal.
[wait] readiness attempt 40/180
$ ssh -o BatchMode=yes ser@192.168.1.70 'tail -n 40 /tmp/30pct-isolation-pair45-20260315-190456.log'
(Worker pid=1291797) INFO 03-16 00:05:24 [pynccl.py:111] vLLM is using nccl==2.27.5
(Worker pid=1291797) WARNING 03-16 00:05:24 [symm_mem.py:67] SymmMemCommunicator: Device capability 8.6 not supported, communicator is not available.
(Worker pid=1291799) WARNING 03-16 00:05:24 [symm_mem.py:67] SymmMemCommunicator: Device capability 8.6 not supported, communicator is not available.
(Worker pid=1291799) INFO 03-16 00:05:24 [parallel_state.py:1715] rank 1 in world size 2 is assigned as DP rank 0, PP rank 0, PCP rank 0, TP rank 1, EP rank 1, EPLB rank N/A
(Worker pid=1291797) INFO 03-16 00:05:24 [parallel_state.py:1715] rank 0 in world size 2 is assigned as DP rank 0, PP rank 0, PCP rank 0, TP rank 0, EP rank 0, EPLB rank N/A
(Worker pid=1291797) INFO 03-16 00:05:24 [base.py:106] Offloader set to UVAOffloader
(Worker pid=1291797) (Worker_TP0 pid=1291797) INFO 03-16 00:05:24 [gpu_model_runner.py:4255] Starting to load model /home/ser/models/Qwen_Qwen3.5-35B-A3B...
(Worker pid=1291799) INFO 03-16 00:05:24 [base.py:106] Offloader set to UVAOffloader
(Worker pid=1291797) (Worker_TP0 pid=1291797) INFO 03-16 00:05:25 [cuda.py:453] Using backend AttentionBackendEnum.FLASH_ATTN for vit attention
(Worker pid=1291797) (Worker_TP0 pid=1291797) INFO 03-16 00:05:25 [mm_encoder_attention.py:215] Using AttentionBackendEnum.FLASH_ATTN for MMEncoderAttention.
(Worker pid=1291799) (Worker_TP1 pid=1291799) INFO 03-16 00:05:25 [cuda.py:453] Using backend AttentionBackendEnum.FLASH_ATTN for vit attention
(Worker pid=1291799) (Worker_TP1 pid=1291799) INFO 03-16 00:05:25 [mm_encoder_attention.py:215] Using AttentionBackendEnum.FLASH_ATTN for MMEncoderAttention.
(Worker pid=1291797) (Worker_TP0 pid=1291797) INFO 03-16 00:05:25 [unquantized.py:186] Using TRITON backend for Unquantized MoE
(Worker pid=1291797) (Worker_TP0 pid=1291797) INFO 03-16 00:05:28 [cuda.py:405] Using FLASH_ATTN attention backend out of potential backends: ['FLASH_ATTN', 'FLASHINFER', 'TRITON_ATTN', 'FLEX_ATTENTION'].
(Worker pid=1291797) (Worker_TP0 pid=1291797) INFO 03-16 00:05:28 [flash_attn.py:587] Using FlashAttention version 2
(Worker pid=1291799) (Worker_TP1 pid=1291799) INFO 03-16 00:06:04 [uva.py:61] Total CPU offloaded parameters: 28.25
(Worker pid=1291797) (Worker_TP0 pid=1291797) INFO 03-16 00:06:04 [uva.py:61] Total CPU offloaded parameters: 28.25
(Worker pid=1291797) (Worker_TP0 pid=1291797) 
Loading safetensors checkpoint shards:   0% Completed | 0/14 [00:00<?, ?it/s]
(Worker pid=1291797) (Worker_TP0 pid=1291797) 
Loading safetensors checkpoint shards:   7% Completed | 1/14 [00:01<00:15,  1.23s/it]
(Worker pid=1291797) (Worker_TP0 pid=1291797) 
Loading safetensors checkpoint shards:  14% Completed | 2/14 [00:02<00:15,  1.28s/it]
(Worker pid=1291797) (Worker_TP0 pid=1291797) 
Loading safetensors checkpoint shards:  21% Completed | 3/14 [00:03<00:14,  1.30s/it]
(Worker pid=1291797) (Worker_TP0 pid=1291797) 
Loading safetensors checkpoint shards:  29% Completed | 4/14 [00:05<00:13,  1.34s/it]
(Worker pid=1291797) (Worker_TP0 pid=1291797) 
Loading safetensors checkpoint shards:  36% Completed | 5/14 [00:06<00:11,  1.33s/it]
(Worker pid=1291797) (Worker_TP0 pid=1291797) 
Loading safetensors checkpoint shards:  43% Completed | 6/14 [00:07<00:10,  1.30s/it]
(Worker pid=1291797) (Worker_TP0 pid=1291797) 
Loading safetensors checkpoint shards:  50% Completed | 7/14 [00:09<00:08,  1.28s/it]
(Worker pid=1291797) (Worker_TP0 pid=1291797) 
Loading safetensors checkpoint shards:  57% Completed | 8/14 [00:10<00:07,  1.27s/it]
(Worker pid=1291797) (Worker_TP0 pid=1291797) 
Loading safetensors checkpoint shards:  64% Completed | 9/14 [00:12<00:07,  1.47s/it]
(Worker pid=1291797) (Worker_TP0 pid=1291797) 
Loading safetensors checkpoint shards:  71% Completed | 10/14 [00:13<00:06,  1.50s/it]
(Worker pid=1291797) (Worker_TP0 pid=1291797) 
Loading safetensors checkpoint shards:  79% Completed | 11/14 [00:15<00:04,  1.55s/it]
(Worker pid=1291797) (Worker_TP0 pid=1291797) 
Loading safetensors checkpoint shards:  86% Completed | 12/14 [00:17<00:03,  1.57s/it]
(Worker pid=1291797) (Worker_TP0 pid=1291797) 
Loading safetensors checkpoint shards:  93% Completed | 13/14 [00:18<00:01,  1.50s/it]
(Worker pid=1291797) (Worker_TP0 pid=1291797) 
Loading safetensors checkpoint shards: 100% Completed | 14/14 [00:18<00:00,  1.14s/it]
(Worker pid=1291797) (Worker_TP0 pid=1291797) 
Loading safetensors checkpoint shards: 100% Completed | 14/14 [00:18<00:00,  1.34s/it]
(Worker pid=1291797) (Worker_TP0 pid=1291797) 
(Worker pid=1291797) (Worker_TP0 pid=1291797) INFO 03-16 00:06:23 [default_loader.py:293] Loading weights took 18.71 seconds
(Worker pid=1291797) (Worker_TP0 pid=1291797) INFO 03-16 00:06:44 [gpu_model_runner.py:4338] Model loading took 4.18 GiB memory and 78.915748 seconds
(Worker pid=1291797) (Worker_TP0 pid=1291797) WARNING 03-16 00:06:45 [fused_moe.py:1093] Using default MoE config. Performance might be sub-optimal! Config file not found at /home/ser/reap-expert-swap-vllm016/.venv/lib/python3.11/site-packages/vllm/model_executor/layers/fused_moe/configs/E=256,N=256,device_name=NVIDIA_GeForce_RTX_3090.json
(Worker pid=1291797) (Worker_TP0 pid=1291797) INFO 03-16 00:06:48 [gpu_worker.py:424] Available KV cache memory: 16.7 GiB
(EngineCore_DP0 pid=1285195) INFO 03-16 00:06:48 [kv_cache_utils.py:1314] GPU KV cache size: 437,184 tokens
(EngineCore_DP0 pid=1285195) INFO 03-16 00:06:48 [kv_cache_utils.py:1319] Maximum concurrency for 3,072 tokens per request: 276.33x
Pseudo-terminal will not be allocated because stdin is not a terminal.
[wait] readiness attempt 50/180
$ ssh -o BatchMode=yes ser@192.168.1.70 'tail -n 160 /tmp/30pct-isolation-pair45-20260315-190456.log'
Installed REAP worker extensions on: vllm.v1.worker.gpu_worker.Worker, vllm.v1.worker.cpu_worker.CPUWorker, vllm.v1.worker.xpu_worker.XPUWorker
(APIServer pid=1275768) INFO 03-16 00:05:05 [utils.py:302] 
(APIServer pid=1275768) INFO 03-16 00:05:05 [utils.py:302]        █     █     █▄   ▄█
(APIServer pid=1275768) INFO 03-16 00:05:05 [utils.py:302]  ▄▄ ▄█ █     █     █ ▀▄▀ █  version 0.17.0
(APIServer pid=1275768) INFO 03-16 00:05:05 [utils.py:302]   █▄█▀ █     █     █     █  model   /home/ser/models/Qwen_Qwen3.5-35B-A3B
(APIServer pid=1275768) INFO 03-16 00:05:05 [utils.py:302]    ▀▀  ▀▀▀▀▀ ▀▀▀▀▀ ▀     ▀
(APIServer pid=1275768) INFO 03-16 00:05:05 [utils.py:302] 
(APIServer pid=1275768) INFO 03-16 00:05:05 [utils.py:238] non-default args: {'host': '127.0.0.1', 'port': 8365, 'model': '/home/ser/models/Qwen_Qwen3.5-35B-A3B', 'dtype': 'half', 'max_model_len': 3072, 'enforce_eager': True, 'served_model_name': ['qwen35-dynamic-30pct-pair45'], 'reasoning_parser': 'qwen3', 'tensor_parallel_size': 2, 'disable_custom_all_reduce': True, 'swap_space': 32.0, 'cpu_offload_gb': 28.0, 'cpu_offload_params': ['experts'], 'language_model_only': True, 'max_num_seqs': 1}
(APIServer pid=1275768) INFO 03-16 00:05:05 [model.py:531] Resolved architecture: Qwen3_5MoeForConditionalGeneration
(APIServer pid=1275768) WARNING 03-16 00:05:05 [model.py:1892] Casting torch.bfloat16 to torch.float16.
(APIServer pid=1275768) INFO 03-16 00:05:05 [model.py:1554] Using max model len 3072
(APIServer pid=1275768) INFO 03-16 00:05:05 [scheduler.py:231] Chunked prefill is enabled with max_num_batched_tokens=2048.
(APIServer pid=1275768) INFO 03-16 00:05:06 [config.py:544] Setting attention block size to 1056 tokens to ensure that attention page size is >= mamba page size.
(APIServer pid=1275768) INFO 03-16 00:05:06 [config.py:575] Padding mamba page size by 0.76% to ensure that mamba page size and attention page size are exactly equal.
(APIServer pid=1275768) INFO 03-16 00:05:06 [vllm.py:747] Asynchronous scheduling is enabled.
(APIServer pid=1275768) WARNING 03-16 00:05:06 [vllm.py:781] Enforce eager set, disabling torch.compile and CUDAGraphs. This is equivalent to setting -cc.mode=none -cc.cudagraph_mode=none
(APIServer pid=1275768) WARNING 03-16 00:05:06 [vllm.py:792] Inductor compilation was disabled by user settings, optimizations settings that are only active during inductor compilation will be ignored.
(APIServer pid=1275768) INFO 03-16 00:05:06 [vllm.py:957] Cudagraph is disabled under eager mode
(APIServer pid=1275768) INFO 03-16 00:05:07 [registry.py:126] All limits of multimodal modalities supported by the model are set to 0, running in text-only mode.
Installed REAP worker extensions on: vllm.v1.worker.gpu_worker.Worker, vllm.v1.worker.cpu_worker.CPUWorker, vllm.v1.worker.xpu_worker.XPUWorker
(EngineCore_DP0 pid=1285195) INFO 03-16 00:05:14 [core.py:101] Initializing a V1 LLM engine (v0.17.0) with config: model='/home/ser/models/Qwen_Qwen3.5-35B-A3B', speculative_config=None, tokenizer='/home/ser/models/Qwen_Qwen3.5-35B-A3B', skip_tokenizer_init=False, tokenizer_mode=auto, revision=None, tokenizer_revision=None, trust_remote_code=False, dtype=torch.float16, max_seq_len=3072, download_dir=None, load_format=auto, tensor_parallel_size=2, pipeline_parallel_size=1, data_parallel_size=1, disable_custom_all_reduce=True, quantization=None, enforce_eager=True, enable_return_routed_experts=False, kv_cache_dtype=auto, device_config=cuda, structured_outputs_config=StructuredOutputsConfig(backend='auto', disable_fallback=False, disable_any_whitespace=False, disable_additional_properties=False, reasoning_parser='qwen3', reasoning_parser_plugin='', enable_in_reasoning=False), observability_config=ObservabilityConfig(show_hidden_metrics_for_version=None, otlp_traces_endpoint=None, collect_detailed_traces=None, kv_cache_metrics=False, kv_cache_metrics_sample=0.01, cudagraph_metrics=False, enable_layerwise_nvtx_tracing=False, enable_mfu_metrics=False, enable_mm_processor_stats=False, enable_logging_iteration_details=False), seed=0, served_model_name=qwen35-dynamic-30pct-pair45, enable_prefix_caching=False, enable_chunked_prefill=True, pooler_config=None, compilation_config={'level': None, 'mode': <CompilationMode.NONE: 0>, 'debug_dump_path': None, 'cache_dir': '', 'compile_cache_save_format': 'binary', 'backend': 'inductor', 'custom_ops': ['all'], 'splitting_ops': [], 'compile_mm_encoder': False, 'compile_sizes': [], 'compile_ranges_split_points': [2048], 'inductor_compile_config': {'enable_auto_functionalized_v2': False, 'combo_kernels': True, 'benchmark_combo_kernel': True}, 'inductor_passes': {}, 'cudagraph_mode': <CUDAGraphMode.NONE: 0>, 'cudagraph_num_of_warmups': 0, 'cudagraph_capture_sizes': [], 'cudagraph_copy_inputs': False, 'cudagraph_specialize_lora': True, 'use_inductor_graph_partition': False, 'pass_config': {'fuse_norm_quant': True, 'fuse_act_quant': True, 'fuse_attn_quant': False, 'enable_sp': False, 'fuse_gemm_comms': False, 'fuse_allreduce_rms': False}, 'max_cudagraph_capture_size': 0, 'dynamic_shapes_config': {'type': <DynamicShapesType.BACKED: 'backed'>, 'evaluate_guards': False, 'assume_32_bit_indexing': False}, 'local_cache_dir': None, 'fast_moe_cold_start': True, 'static_all_moe_layers': []}
(EngineCore_DP0 pid=1285195) WARNING 03-16 00:05:14 [multiproc_executor.py:945] Reducing Torch parallelism from 24 threads to 1 to avoid unnecessary CPU contention. Set OMP_NUM_THREADS in the external environment to tune this value as needed.
(EngineCore_DP0 pid=1285195) INFO 03-16 00:05:14 [multiproc_executor.py:134] DP group leader: node_rank=0, node_rank_within_dp=0, master_addr=127.0.0.1, mq_connect_ip=192.168.1.70 (local), world_size=2, local_world_size=2
Installed REAP worker extensions on: vllm.v1.worker.gpu_worker.Worker, vllm.v1.worker.cpu_worker.CPUWorker, vllm.v1.worker.xpu_worker.XPUWorker
INFO 03-16 00:05:22 [registry.py:126] All limits of multimodal modalities supported by the model are set to 0, running in text-only mode.
Installed REAP worker extensions on: vllm.v1.worker.gpu_worker.Worker, vllm.v1.worker.cpu_worker.CPUWorker, vllm.v1.worker.xpu_worker.XPUWorker
INFO 03-16 00:05:23 [registry.py:126] All limits of multimodal modalities supported by the model are set to 0, running in text-only mode.
(Worker pid=1291799) INFO 03-16 00:05:23 [parallel_state.py:1393] world_size=2 rank=1 local_rank=1 distributed_init_method=tcp://127.0.0.1:35339 backend=nccl
(Worker pid=1291797) INFO 03-16 00:05:23 [parallel_state.py:1393] world_size=2 rank=0 local_rank=0 distributed_init_method=tcp://127.0.0.1:35339 backend=nccl
(Worker pid=1291799) <frozen importlib._bootstrap_external>:1241: FutureWarning: The cuda.cudart module is deprecated and will be removed in a future release, please switch to use the cuda.bindings.runtime module instead.
(Worker pid=1291799) <frozen importlib._bootstrap_external>:1241: FutureWarning: The cuda.nvrtc module is deprecated and will be removed in a future release, please switch to use the cuda.bindings.nvrtc module instead.
(Worker pid=1291797) <frozen importlib._bootstrap_external>:1241: FutureWarning: The cuda.cudart module is deprecated and will be removed in a future release, please switch to use the cuda.bindings.runtime module instead.
(Worker pid=1291797) <frozen importlib._bootstrap_external>:1241: FutureWarning: The cuda.nvrtc module is deprecated and will be removed in a future release, please switch to use the cuda.bindings.nvrtc module instead.
(Worker pid=1291797) INFO 03-16 00:05:24 [pynccl.py:111] vLLM is using nccl==2.27.5
(Worker pid=1291797) WARNING 03-16 00:05:24 [symm_mem.py:67] SymmMemCommunicator: Device capability 8.6 not supported, communicator is not available.
(Worker pid=1291799) WARNING 03-16 00:05:24 [symm_mem.py:67] SymmMemCommunicator: Device capability 8.6 not supported, communicator is not available.
(Worker pid=1291799) INFO 03-16 00:05:24 [parallel_state.py:1715] rank 1 in world size 2 is assigned as DP rank 0, PP rank 0, PCP rank 0, TP rank 1, EP rank 1, EPLB rank N/A
(Worker pid=1291797) INFO 03-16 00:05:24 [parallel_state.py:1715] rank 0 in world size 2 is assigned as DP rank 0, PP rank 0, PCP rank 0, TP rank 0, EP rank 0, EPLB rank N/A
(Worker pid=1291797) INFO 03-16 00:05:24 [base.py:106] Offloader set to UVAOffloader
(Worker pid=1291797) (Worker_TP0 pid=1291797) INFO 03-16 00:05:24 [gpu_model_runner.py:4255] Starting to load model /home/ser/models/Qwen_Qwen3.5-35B-A3B...
(Worker pid=1291799) INFO 03-16 00:05:24 [base.py:106] Offloader set to UVAOffloader
(Worker pid=1291797) (Worker_TP0 pid=1291797) INFO 03-16 00:05:25 [cuda.py:453] Using backend AttentionBackendEnum.FLASH_ATTN for vit attention
(Worker pid=1291797) (Worker_TP0 pid=1291797) INFO 03-16 00:05:25 [mm_encoder_attention.py:215] Using AttentionBackendEnum.FLASH_ATTN for MMEncoderAttention.
(Worker pid=1291799) (Worker_TP1 pid=1291799) INFO 03-16 00:05:25 [cuda.py:453] Using backend AttentionBackendEnum.FLASH_ATTN for vit attention
(Worker pid=1291799) (Worker_TP1 pid=1291799) INFO 03-16 00:05:25 [mm_encoder_attention.py:215] Using AttentionBackendEnum.FLASH_ATTN for MMEncoderAttention.
(Worker pid=1291797) (Worker_TP0 pid=1291797) INFO 03-16 00:05:25 [unquantized.py:186] Using TRITON backend for Unquantized MoE
(Worker pid=1291797) (Worker_TP0 pid=1291797) INFO 03-16 00:05:28 [cuda.py:405] Using FLASH_ATTN attention backend out of potential backends: ['FLASH_ATTN', 'FLASHINFER', 'TRITON_ATTN', 'FLEX_ATTENTION'].
(Worker pid=1291797) (Worker_TP0 pid=1291797) INFO 03-16 00:05:28 [flash_attn.py:587] Using FlashAttention version 2
(Worker pid=1291799) (Worker_TP1 pid=1291799) INFO 03-16 00:06:04 [uva.py:61] Total CPU offloaded parameters: 28.25
(Worker pid=1291797) (Worker_TP0 pid=1291797) INFO 03-16 00:06:04 [uva.py:61] Total CPU offloaded parameters: 28.25
(Worker pid=1291797) (Worker_TP0 pid=1291797) 
Loading safetensors checkpoint shards:   0% Completed | 0/14 [00:00<?, ?it/s]
(Worker pid=1291797) (Worker_TP0 pid=1291797) 
Loading safetensors checkpoint shards:   7% Completed | 1/14 [00:01<00:15,  1.23s/it]
(Worker pid=1291797) (Worker_TP0 pid=1291797) 
Loading safetensors checkpoint shards:  14% Completed | 2/14 [00:02<00:15,  1.28s/it]
(Worker pid=1291797) (Worker_TP0 pid=1291797) 
Loading safetensors checkpoint shards:  21% Completed | 3/14 [00:03<00:14,  1.30s/it]
(Worker pid=1291797) (Worker_TP0 pid=1291797) 
Loading safetensors checkpoint shards:  29% Completed | 4/14 [00:05<00:13,  1.34s/it]
(Worker pid=1291797) (Worker_TP0 pid=1291797) 
Loading safetensors checkpoint shards:  36% Completed | 5/14 [00:06<00:11,  1.33s/it]
(Worker pid=1291797) (Worker_TP0 pid=1291797) 
